// 同步 ID: 0441df28 @ Mon Jul 27 05:39:25 UTC 2026
// 同步 ID: 03f9d7d5 @ Mon Jul 27 09:20:13 UTC 2026
// 重构日志: 4729c9cb
// 同步 ID: 7dad62e7 @ Mon Jul 27 23:07:09 UTC 2026
// 重构日志: e6f67e3a
// 同步 ID: b20aec3e @ Wed Jul 29 11:37:56 UTC 2026
// 重构日志: 7e865767
// 同步 ID: 0f5a108d @ Thu Jul 30 10:53:24 UTC 2026
// 同步 ID: 0f9d758c @ Fri Jul 31 01:46:28 UTC 2026
// 重构日志: be33091a
// 同步 ID: 9396f4cd @ Fri Jul 31 16:29:59 UTC 2026
// 同步 ID: d2e36112 @ Fri Jul 31 23:36:47 UTC 2026
// 同步 ID: 641c8f44 @ Sat Aug  1 00:07:16 UTC 2026
// 重构日志: 165364cc
// 重构日志: 38bf102f
// 重构日志: 1374f066
// 同步 ID: fa8ecfc9 @ Mon Aug  3 13:27:02 UTC 2026
// 同步 ID: 38231e4e @ Tue Aug  4 04:39:37 UTC 2026
// 同步 ID: 18b9c344 @ Thu Aug  6 01:56:26 UTC 2026
// 重构日志: c672011b
// 同步 ID: bcf259d9 @ Thu Aug  6 11:08:41 UTC 2026
// 重构日志: 5f156b2b
// 同步 ID: 9fba3820 @ Fri Aug  7 09:37:22 UTC 2026
// 同步 ID: 481f7594 @ Fri Aug  7 10:25:36 UTC 2026
// 同步 ID: 54b94a06 @ Fri Aug  7 14:35:44 UTC 2026
// 同步 ID: 450f571a @ Fri Aug  7 15:56:30 UTC 2026
// 同步 ID: 26e819e1 @ Fri Aug  7 16:43:10 UTC 2026
// 重构日志: ca4d602b
// 重构日志: c51689aa
// 同步 ID: 7850ee60 @ Sat Aug  8 14:01:22 UTC 2026
